Microchip Technology Inc, v1.26 (A)

Tool Name:
  d:\program files (x86)\microchip\xc16\v1.26\bin\bin\..\bin/elf-ld.exe

Command:
  -p33FJ64GS606 \
  -o \
  dist/default/production/HVPS_FreqControl_CloseLoop_Mayl2017_v3.production.elf \
  -Ld:/program files (x86)/microchip/xc16/v1.26/bin/bin/.. \
  -Ld:/program files (x86)/microchip/xc16/v1.26/bin/bin/../../lib \
  -Ld:/program files (x86)/microchip/xc16/v1.26/bin/bin/../../support/PIC24E/gld \
  -Ld:/program files (x86)/microchip/xc16/v1.26/bin/bin/../../support/PIC24F/gld \
  -Ld:/program files (x86)/microchip/xc16/v1.26/bin/bin/../../support/PIC24H/gld \
  -Ld:/program files (x86)/microchip/xc16/v1.26/bin/bin/../../support/dsPIC30F/gld \
  -Ld:/program files (x86)/microchip/xc16/v1.26/bin/bin/../../support/dsPIC33E/gld \
  -Ld:/program files (x86)/microchip/xc16/v1.26/bin/bin/../../support/dsPIC33F/gld \
  build/default/production/main_PWMoutput.o \
  build/default/production/dsPIC33FJ64GS606UART.o \
  build/default/production/dsPIC33FJ64GS606ADC.o \
  build/default/production/dsPIC33FJ64GS606SPI.o \
  build/default/production/dsPIC33FJ64GS606PWM.o \
  build/default/production/dsPIC33FJ64GS606IO.o \
  build/default/production/dsPIC33FJ64GS606CLK.o \
  build/default/production/dsPIC33FJ64GS606TIMER.o \
  --defsym=__MPLAB_BUILD=1 \
  -Tp33FJ64GS606.gld.00 \
  --stack=16 \
  --check-sections \
  --data-init \
  --pack-data \
  --handles \
  --isr \
  --no-gc-sections \
  --fill-upper=0 \
  --stackguard=16 \
  --no-force-link \
  --smart-io \
  -Map=dist/default/production/HVPS_FreqControl_CloseLoop_Mayl2017_v3.production.map \
  --report-mem \
  --memorysummary \
  dist/default/production/memoryfile.xml \
  -start-group \
  --library=lega-pic30-elf \
  --library=m-elf \
  --library=lega-c-elf \
  -end-group \


Optional library libp33FJ64GS606.a not found
Archive member included because of file (symbol)

d:/program files (x86)/microchip/xc16/v1.26/bin/bin/../../lib\liblega-pic30-elf.a(crt0_standard.o)
                              (__resetPRI)
d:/program files (x86)/microchip/xc16/v1.26/bin/bin/../../lib\liblega-pic30-elf.a(data_init_standard.o)
                              d:/program files (x86)/microchip/xc16/v1.26/bin/bin/../../lib\liblega-pic30-elf.a(crt0_standard.o) (__data_init_standard)
d:/program files (x86)/microchip/xc16/v1.26/bin/bin/../../lib\libm-elf.a(addsf3.eo)
                              build/default/production/main_PWMoutput.o (___subsf3)
d:/program files (x86)/microchip/xc16/v1.26/bin/bin/../../lib\libm-elf.a(divsf3.eo)
                              build/default/production/main_PWMoutput.o (___divsf3)
d:/program files (x86)/microchip/xc16/v1.26/bin/bin/../../lib\libm-elf.a(feqltle.eo)
                              build/default/production/main_PWMoutput.o (___ltsf2)
d:/program files (x86)/microchip/xc16/v1.26/bin/bin/../../lib\libm-elf.a(fgtge.eo)
                              build/default/production/main_PWMoutput.o (___gtsf2)
d:/program files (x86)/microchip/xc16/v1.26/bin/bin/../../lib\libm-elf.a(fixunssfsi.eo)
                              build/default/production/main_PWMoutput.o (___fixunssfsi)
d:/program files (x86)/microchip/xc16/v1.26/bin/bin/../../lib\libm-elf.a(floatunsisf.eo)
                              build/default/production/main_PWMoutput.o (___floatunsisf)
d:/program files (x86)/microchip/xc16/v1.26/bin/bin/../../lib\libm-elf.a(floorf.eo)
                              build/default/production/main_PWMoutput.o (_floorf)
d:/program files (x86)/microchip/xc16/v1.26/bin/bin/../../lib\libm-elf.a(fpack.eo)
                              d:/program files (x86)/microchip/xc16/v1.26/bin/bin/../../lib\libm-elf.a(addsf3.eo) (__fpack)
d:/program files (x86)/microchip/xc16/v1.26/bin/bin/../../lib\libm-elf.a(funpack.eo)
                              d:/program files (x86)/microchip/xc16/v1.26/bin/bin/../../lib\libm-elf.a(fixunssfsi.eo) (__funpack)
d:/program files (x86)/microchip/xc16/v1.26/bin/bin/../../lib\libm-elf.a(funpack2.eo)
                              d:/program files (x86)/microchip/xc16/v1.26/bin/bin/../../lib\libm-elf.a(addsf3.eo) (__funpack2)
d:/program files (x86)/microchip/xc16/v1.26/bin/bin/../../lib\libm-elf.a(futil.eo)
                              d:/program files (x86)/microchip/xc16/v1.26/bin/bin/../../lib\libm-elf.a(addsf3.eo) (__fPropagateNaN)
d:/program files (x86)/microchip/xc16/v1.26/bin/bin/../../lib\libm-elf.a(mulsf3.eo)
                              build/default/production/main_PWMoutput.o (___mulsf3)
d:/program files (x86)/microchip/xc16/v1.26/bin/bin/../../lib\libm-elf.a(fchop.eo)
                              d:/program files (x86)/microchip/xc16/v1.26/bin/bin/../../lib\libm-elf.a(floorf.eo) (__fchop)
d:/program files (x86)/microchip/xc16/v1.26/bin/bin/../../lib\libm-elf.a(fcompare.eo)
                              d:/program files (x86)/microchip/xc16/v1.26/bin/bin/../../lib\libm-elf.a(feqltle.eo) (__fcompare)
[...]
Memory Configuration

Name             Origin             Length             Attributes
data             0x000800           0x002400           a !xr
reset            0x000000           0x000004  
ivt              0x000004           0x0000fc  
_reserved        0x000100           0x000004  
aivt             0x000104           0x0000fc  
program          0x000200           0x00aa00           xr
FBS              0xf80000           0x000002  
FGS              0xf80004           0x000002  
FOSCSEL          0xf80006           0x000002  
FOSC             0xf80008           0x000002  
FWDT             0xf8000a           0x000002  
FPOR             0xf8000c           0x000002  
FICD             0xf8000e           0x000002  
FCMP             0xf80010           0x000002  
*default*        0x000000           0xffffffff  

Linker script and memory map

LOAD build/default/production/main_PWMoutput.o
LOAD build/default/production/dsPIC33FJ64GS606UART.o
LOAD build/default/production/dsPIC33FJ64GS606ADC.o
LOAD build/default/production/dsPIC33FJ64GS606SPI.o
LOAD build/default/production/dsPIC33FJ64GS606PWM.o
LOAD build/default/production/dsPIC33FJ64GS606IO.o
LOAD build/default/production/dsPIC33FJ64GS606CLK.o
LOAD build/default/production/dsPIC33FJ64GS606TIMER.o
                    0x0001                  __MPLAB_BUILD = 0x1
LOAD p33FJ64GS606
LOAD d:/program files (x86)/microchip/xc16/v1.26/bin/bin/../../lib\libfx-elf.a
                    0xf80000                  __FBS = 0xf80000
                    0xf80004                  __FGS = 0xf80004
                    0xf80006                  __FOSCSEL = 0xf80006
                    0xf80008                  __FOSC = 0xf80008
                    0xf8000a                  __FWDT = 0xf8000a
                    0xf8000c                  __FPOR = 0xf8000c
                    0xf8000e                  __FICD = 0xf8000e
                    0xf80010                  __FCMP = 0xf80010
                    0x0001                  __NO_HANDLES = 0x1
                    0x0200                  __CODE_BASE = 0x200
                    0xaa00                  __CODE_LENGTH = 0xaa00
                    0x0004                  __IVT_BASE = 0x4
                    0x0104                  __AIVT_BASE = 0x104
                    0x0800                  __DATA_BASE = 0x800
                    0x2400                  __DATA_LENGTH = 0x2400
                    0x1800                  __YDATA_BASE = 0x1800
                    0x2800                  __DMA_BASE = 0x2800
                    0x2bff                  __DMA_END = 0x2bff

.reset            0x000000          0x4
                  0x000000          0x2 SHORT 0x200 ABSOLUTE (__reset)
                  0x000001          0x2 SHORT 0x4
                  0x000002          0x2 SHORT 0x0 ((ABSOLUTE (__reset) >> 0x10) & 0x7f)
                  0x000003          0x2 SHORT 0x0

.text             0x000200       0x195c
 *(.init)
 .init            0x000200         0x3c d:/program files (x86)/microchip/xc16/v1.26/bin/bin/../../lib\liblega-pic30-elf.a(crt0_standard.o)
                  0x000200                  __resetPRI
                  0x000200                  __reset
                  0x00022c                  __psv_init
 .init            0x00023c         0x6c d:/program files (x86)/microchip/xc16/v1.26/bin/bin/../../lib\liblega-pic30-elf.a(data_init_standard.o)
                  0x00023c                  __data_init_standard
                  0x00023c                  __data_init
 *(.user_init)
 *(.handle)
 *(.isr*)
 .isr             0x0002ac          0x4 default_isr
                  0x0002ac                  __DefaultInterrupt
 *(.libc)
 *(.libm)
 *(.libdsp)
 *(.lib*)
 .libm.subsf3     0x0002b0         0xbc d:/program files (x86)/microchip/xc16/v1.26/bin/bin/../../lib\libm-elf.a(addsf3.eo)
                  0x0002b0                  ___subsf3
                  0x0002b2                  ___addsf3
 .libm.divfs3     0x00036c         0x84 d:/program files (x86)/microchip/xc16/v1.26/bin/bin/../../lib\libm-elf.a(divsf3.eo)
                  0x00036c                  ___divsf3
 .libm.eqsf2      0x0003f0          0x4 d:/program files (x86)/microchip/xc16/v1.26/bin/bin/../../lib\libm-elf.a(feqltle.eo)
                  0x0003f0                  ___eqsf2
                  0x0003f0                  ___ltsf2
                  0x0003f0                  ___lesf2
 .libm.gtsf2      0x0003f4          0x4 d:/program files (x86)/microchip/xc16/v1.26/bin/bin/../../lib\libm-elf.a(fgtge.eo)
                  0x0003f4                  ___gesf2
                  0x0003f4                  ___gtsf2
 .libm.fixunssfsi
                  0x0003f8         0x36 d:/program files (x86)/microchip/xc16/v1.26/bin/bin/../../lib\libm-elf.a(fixunssfsi.eo)
                  0x0003f8                  ___fixunssfsi
 .libm.floatunsisf
                  0x00042e          0x4 d:/program files (x86)/microchip/xc16/v1.26/bin/bin/../../lib\libm-elf.a(floatunsisf.eo)
                  0x00042e                  ___floatunsisf
 .libm.floorf     0x000432         0x10 d:/program files (x86)/microchip/xc16/v1.26/bin/bin/../../lib\libm-elf.a(floorf.eo)
                  0x000432                  _floorf
 .libm.fpack      0x000442         0x4c d:/program files (x86)/microchip/xc16/v1.26/bin/bin/../../lib\libm-elf.a(fpack.eo)
                  0x000442                  __fpack
 .libm.funpack    0x00048e         0x2a d:/program files (x86)/microchip/xc16/v1.26/bin/bin/../../lib\libm-elf.a(funpack.eo)
                  0x00048e                  __funpack
 .libm.funpack2
                  0x0004b8         0x10 d:/program files (x86)/microchip/xc16/v1.26/bin/bin/../../lib\libm-elf.a(funpack2.eo)
                  0x0004b8                  __funpack2
 .libm.fPropagateNaN
                  0x0004c8         0x12 d:/program files (x86)/microchip/xc16/v1.26/bin/bin/../../lib\libm-elf.a(futil.eo)
                  0x0004c8                  __fPropagateNaN
 .libm.fbobExit
                  0x0004da          0x8 d:/program files (x86)/microchip/xc16/v1.26/bin/bin/../../lib\libm-elf.a(futil.eo)
                  0x0004da                  __fbopExit
 .libm.fbopReturnNaN
                  0x0004e2          0x6 d:/program files (x86)/microchip/xc16/v1.26/bin/bin/../../lib\libm-elf.a(futil.eo)
                  0x0004e2                  __fbopReturnNaN
 .libm.mulsf3     0x0004e8         0x68 d:/program files (x86)/microchip/xc16/v1.26/bin/bin/../../lib\libm-elf.a(mulsf3.eo)
                  0x0004e8                  ___mulsf3
 .libm.fchop      0x000550         0x4e d:/program files (x86)/microchip/xc16/v1.26/bin/bin/../../lib\libm-elf.a(fchop.eo)
                  0x000550                  __fchop
 .libm.fcompare
                  0x00059e         0x36 d:/program files (x86)/microchip/xc16/v1.26/bin/bin/../../lib\libm-elf.a(fcompare.eo)
                  0x00059e                  __fcompare
 .libm.floatundisf
                  0x0005d4         0x5e d:/program files (x86)/microchip/xc16/v1.26/bin/bin/../../lib\libm-elf.a(floatundisf.eo)
                  0x0005d4                  ___floatundisf
 .libc.prout      0x000632          0xe d:/program files (x86)/microchip/xc16/v1.26/bin/bin/../../lib\liblega-c-elf.a(sprintf_cdfFnopuxX.XXeo)
                  0x000632                  sprintf_cdfFnopuxX.XXeo:_prout
 .libc._sprintf_cdfFnopuxX
                  0x000640         0x1e d:/program files (x86)/microchip/xc16/v1.26/bin/bin/../../lib\liblega-c-elf.a(sprintf_cdfFnopuxX.XXeo)
                  0x000640                  __sprintf_cdnopuxX
                  0x000640                  __sprintf_cdfFnopuxX
 .libc.__Printf_cdfFnopuxX
                  0x00065e        0x164 d:/program files (x86)/microchip/xc16/v1.26/bin/bin/../../lib\liblega-c-elf.a(xprintf_cdfFnopuxX.XXeo)
                  0x00065e                  ___Printf_cdnopuxX
                  0x00065e                  ___Printf_cdfFnopuxX
 .libc.__Putfld_cdfFnopuxX
                  0x0007c2        0x296 d:/program files (x86)/microchip/xc16/v1.26/bin/bin/../../lib\liblega-c-elf.a(xputfld_cdfFnopuxX.XXeo)
                  0x0007c2                  ___Putfld_cdfFnopuxX
                  0x0007c2                  ___Putfld_cdnopuxX
 .libc.__Ldtob_cdfFnopuxX
                  0x000a58        0x250 d:/program files (x86)/microchip/xc16/v1.26/bin/bin/../../lib\liblega-c-elf.a(xldtob_cdfFnopuxX.XXeo)
                  0x000a58                  ___Ldtob_cdfFnopuxX
 .libc.__Genld_cdfFnopuxX
                  0x000ca8        0x208 d:/program files (x86)/microchip/xc16/v1.26/bin/bin/../../lib\liblega-c-elf.a(xgenld_cdfFnopuxX.XXeo)
                  0x000ca8                  ___Genld_cdfFnopuxX
 .libc.div        0x000eb0         0x16 d:/program files (x86)/microchip/xc16/v1.26/bin/bin/../../lib\liblega-c-elf.a(div.XXeo)
                  0x000eb0                  _div
 .libc.ldiv       0x000ec6         0x2a d:/program files (x86)/microchip/xc16/v1.26/bin/bin/../../lib\liblega-c-elf.a(ldiv.XXeo)
                  0x000ec6                  _ldiv
 .libc.memcpy     0x000ef0          0xe d:/program files (x86)/microchip/xc16/v1.26/bin/bin/../../lib\liblega-c-elf.a(memcpy.XXeo)
                  0x000ef0                  _memcpy
 .libc.strchr     0x000efe         0x18 d:/program files (x86)/microchip/xc16/v1.26/bin/bin/../../lib\liblega-c-elf.a(strchr.XXeo)
                  0x000efe                  _strchr
 .libc._LDunscale
                  0x000f16         0x54 d:/program files (x86)/microchip/xc16/v1.26/bin/bin/../../lib\liblega-c-elf.a(xldunsca.XXeo)
                  0x000f16                  __LDunscale
 .libc._Litob     0x000f6a        0x25e d:/program files (x86)/microchip/xc16/v1.26/bin/bin/../../lib\liblega-c-elf.a(xlitob.XXeo)
                  0x000f6a                  __Litob
 .libc._Puttxt    0x0011c8        0x178 d:/program files (x86)/microchip/xc16/v1.26/bin/bin/../../lib\liblega-c-elf.a(xputtxt.XXeo)
                  0x0011c8                  __Puttxt
 .libc._Vacopy    0x001340          0x4 d:/program files (x86)/microchip/xc16/v1.26/bin/bin/../../lib\liblega-c-elf.a(xvacopy.XXeo)
                  0x001340                  __Vacopy
 .libc._Dnorm     0x001344         0x98 d:/program files (x86)/microchip/xc16/v1.26/bin/bin/../../lib\liblega-c-elf.a(xdnorm.XXelo)
                  0x001344                  __Dnorm
 .libm.eqdf2      0x0013dc          0xa d:/program files (x86)/microchip/xc16/v1.26/bin/bin/../../lib\libm-elf.a(deqltle.eo)
                  0x0013dc                  ___eqdf2
                  0x0013dc                  ___ltdf2
                  0x0013dc                  ___ledf2
 .libm.gtdf2      0x0013e6          0xa d:/program files (x86)/microchip/xc16/v1.26/bin/bin/../../lib\libm-elf.a(dgtge.eo)
                  0x0013e6                  ___gtdf2
                  0x0013e6                  ___gedf2
 .libm.divdf3     0x0013f0         0xb4 d:/program files (x86)/microchip/xc16/v1.26/bin/bin/../../lib\libm-elf.a(divdf3.eo)
                  0x0013f0                  ___divdf3
 .libm.divsi3     0x0014a4         0x1e d:/program files (x86)/microchip/xc16/v1.26/bin/bin/../../lib\libm-elf.a(divsi3.eo)
                  0x0014a4                  ___divsi3
 .libm.dpack      0x0014c2         0x58 d:/program files (x86)/microchip/xc16/v1.26/bin/bin/../../lib\libm-elf.a(dpack.eo)
                  0x0014c2                  __dpack
 .libm.dunpack2
                  0x00151a         0x32 d:/program files (x86)/microchip/xc16/v1.26/bin/bin/../../lib\libm-elf.a(dunpack2.eo)
                  0x00151a                  __dunpack2
                  0x00153c                  __dreturnNaN
                  0x001542                  __dunpack2exit
 .libm.extendsfdf2
                  0x00154c         0x3e d:/program files (x86)/microchip/xc16/v1.26/bin/bin/../../lib\libm-elf.a(extendsfdf.eo)
                  0x00154c                  ___extendsfdf2
 .libm.fixdfsi    0x00158a         0x58 d:/program files (x86)/microchip/xc16/v1.26/bin/bin/../../lib\libm-elf.a(fixdfsi.eo)
                  0x00158a                  _(float, int, long long, double, float, short, int)
 .libm.floatsidf
                  0x0015e2          0x6 d:/program files (x86)/microchip/xc16/v1.26/bin/bin/../../lib\libm-elf.a(floatsidf.eo)
                  0x0015e2                  ___floatsidf
 .libm.muldf3     0x0015e8         0xea d:/program files (x86)/microchip/xc16/v1.26/bin/bin/../../lib\libm-elf.a(muldf3.eo)
                  0x0015e8                  ___muldf3
 .libm.subdf3     0x0016d2          0x4 d:/program files (x86)/microchip/xc16/v1.26/bin/bin/../../lib\libm-elf.a(subdf3.eo)
                  0x0016d2                  ___subdf3
 .libm.udivsi3    0x0016d6         0x20 d:/program files (x86)/microchip/xc16/v1.26/bin/bin/../../lib\libm-elf.a(udivsi3.eo)
                  0x0016d6                  ___udivsi3
 .libm.umodsi3    0x0016f6          0x6 d:/program files (x86)/microchip/xc16/v1.26/bin/bin/../../lib\libm-elf.a(umodsi3.eo)
                  0x0016f6                  ___umodsi3
 .libm.mulsi3     0x0016fc          0xc d:/program files (x86)/microchip/xc16/v1.26/bin/bin/../../lib\libm-elf.a(mulsi3.eo)
                  0x0016fc                  ___mulp32peds3
                  0x0016fc                  ___mulsi3
                  0x0016fc                  ___mulp32eds3
 .libm.__PplusBdi
                  0x001708         0x26 d:/program files (x86)/microchip/xc16/v1.26/bin/bin/../../lib\libm-elf.a(divmoddi3.eo)
 .libm.__PminusBdi
                  0x00172e         0x26 d:/program files (x86)/microchip/xc16/v1.26/bin/bin/../../lib\libm-elf.a(divmoddi3.eo)
 .libm.__udivmoddi3
                  0x001754         0xe6 d:/program files (x86)/microchip/xc16/v1.26/bin/bin/../../lib\libm-elf.a(divmoddi3.eo)
                  0x001754                  ___udivmoddi3
 .libm.__udivdi3
                  0x00183a          0xe d:/program files (x86)/microchip/xc16/v1.26/bin/bin/../../lib\libm-elf.a(divmoddi3.eo)
                  0x00183a                  ___udivdi3
 .libm.__umoddi3
                  0x001848          0x8 d:/program files (x86)/microchip/xc16/v1.26/bin/bin/../../lib\libm-elf.a(divmoddi3.eo)
                  0x001848                  ___umoddi3
 .libm.__divdi3
                  0x001850         0x60 d:/program files (x86)/microchip/xc16/v1.26/bin/bin/../../lib\libm-elf.a(divmoddi3.eo)
                  0x001850                  ___divdi3
 .libm.__moddi3
                  0x0018b0         0x5c d:/program files (x86)/microchip/xc16/v1.26/bin/bin/../../lib\libm-elf.a(divmoddi3.eo)
                  0x0018b0                  ___moddi3
 .libm.adddf3     0x00190c         0xfa d:/program files (x86)/microchip/xc16/v1.26/bin/bin/../../lib\libm-elf.a(adddf3.eo)
                  0x00190c                  ___adddf3
 .libm.dcompare
                  0x001a06         0x52 d:/program files (x86)/microchip/xc16/v1.26/bin/bin/../../lib\libm-elf.a(dcompare.eo)
                  0x001a06                  __dcompare
 .libm.dPropagateNaN
                  0x001a58         0x1c d:/program files (x86)/microchip/xc16/v1.26/bin/bin/../../lib\libm-elf.a(dpropagateNaN.eo)
                  0x001a58                  __dPropagateNaN
 .libm.dtype      0x001a74         0x24 d:/program files (x86)/microchip/xc16/v1.26/bin/bin/../../lib\libm-elf.a(dtype.eo)
                  0x001a74                  __dtype
 .libm.dunpack    0x001a98         0x4e d:/program files (x86)/microchip/xc16/v1.26/bin/bin/../../lib\libm-elf.a(dunpack.eo)
                  0x001a98                  __dunpack
 .libm.floatdidf
                  0x001ae6         0x20 d:/program files (x86)/microchip/xc16/v1.26/bin/bin/../../lib\libm-elf.a(floatdidf.eo)
                  0x001ae6                  ___floatdidf
 .libm.floatundidf
                  0x001b06         0x56 d:/program files (x86)/microchip/xc16/v1.26/bin/bin/../../lib\libm-elf.a(floatundidf.eo)
                  0x001b06                  ___floatundidf

usercode
 *(usercode)

__FBS             0xf80000          0x2
 *(__FBS.sec*)
 __FBS.sec        0xf80000          0x2 FBS
                  0xf80000                  __FBS.sec

__FGS             0xf80004          0x2
 *(__FGS.sec*)
 __FGS.sec        0xf80004          0x2 FGS
                  0xf80004                  __FGS.sec

__FOSCSEL
 *(__FOSCSEL.sec*)

__FOSC
 *(__FOSC.sec*)

__FWDT
 *(__FWDT.sec*)

__FPOR
 *(__FPOR.sec*)

__FICD
 *(__FICD.sec*)

__FCMP
 *(__FCMP.sec*)

.comment
 *(.comment)

.debug_info       0x000000       0x6210
 *(.debug_info)
 .debug_info      0x000000       0x101e build/default/production/main_PWMoutput.o
 .debug_info      0x00101e       0x11f2 build/default/production/dsPIC33FJ64GS606UART.o
 .debug_info      0x002210        0xbce build/default/production/dsPIC33FJ64GS606ADC.o
 .debug_info      0x002dde        0x9cb build/default/production/dsPIC33FJ64GS606SPI.o
 .debug_info      0x0037a9        0xc59 build/default/production/dsPIC33FJ64GS606PWM.o
 .debug_info      0x004402        0x614 build/default/production/dsPIC33FJ64GS606IO.o
 .debug_info      0x004a16        0x835 build/default/production/dsPIC33FJ64GS606CLK.o
 .debug_info      0x00524b        0xfc5 build/default/production/dsPIC33FJ64GS606TIMER.o
 *(.gnu.linkonce.wi.*)

.debug_abbrev     0x000000        0x7d0
 *(.debug_abbrev)
 .debug_abbrev    0x000000        0x19c build/default/production/main_PWMoutput.o
 .debug_abbrev    0x00019c        0x11b build/default/production/dsPIC33FJ64GS606UART.o
 .debug_abbrev    0x0002b7         0xcb build/default/production/dsPIC33FJ64GS606ADC.o
 .debug_abbrev    0x000382        0x130 build/default/production/dsPIC33FJ64GS606SPI.o
 .debug_abbrev    0x0004b2         0xeb build/default/production/dsPIC33FJ64GS606PWM.o
 .debug_abbrev    0x00059d         0x8c build/default/production/dsPIC33FJ64GS606IO.o
 .debug_abbrev    0x000629         0xb6 build/default/production/dsPIC33FJ64GS606CLK.o
 .debug_abbrev    0x0006df         0xf1 build/default/production/dsPIC33FJ64GS606TIMER.o

.debug_line       0x000000        0x79d
 *(.debug_line)
 .debug_line      0x000000        0x1b9 build/default/production/main_PWMoutput.o
 .debug_line      0x0001b9         0xf1 build/default/production/dsPIC33FJ64GS606UART.o
 .debug_line      0x0002aa         0xba build/default/production/dsPIC33FJ64GS606ADC.o
 .debug_line      0x000364         0xfa build/default/production/dsPIC33FJ64GS606SPI.o
 .debug_line      0x00045e         0xf5 build/default/production/dsPIC33FJ64GS606PWM.o
 .debug_line      0x000553         0xcc build/default/production/dsPIC33FJ64GS606IO.o
 .debug_line      0x00061f         0xae build/default/production/dsPIC33FJ64GS606CLK.o
 .debug_line      0x0006cd         0xd0 build/default/production/dsPIC33FJ64GS606TIMER.o

.debug_frame      0x000000        0x838
 *(.debug_frame)
 .debug_frame     0x000000        0x314 build/default/production/main_PWMoutput.o
 .debug_frame     0x000314        0x12c build/default/production/dsPIC33FJ64GS606UART.o
 .debug_frame     0x000440         0x68 build/default/production/dsPIC33FJ64GS606ADC.o
 .debug_frame     0x0004a8        0x110 build/default/production/dsPIC33FJ64GS606SPI.o
 .debug_frame     0x0005b8         0xbc build/default/production/dsPIC33FJ64GS606PWM.o
 .debug_frame     0x000674         0xa0 build/default/production/dsPIC33FJ64GS606IO.o
 .debug_frame     0x000714         0x30 build/default/production/dsPIC33FJ64GS606CLK.o
 .debug_frame     0x000744         0xf4 build/default/production/dsPIC33FJ64GS606TIMER.o

.debug_str        0x000000        0x38c
 *(.debug_str)
 .debug_str       0x000000        0x163 build/default/production/main_PWMoutput.o
 .debug_str       0x000163         0x7b build/default/production/dsPIC33FJ64GS606UART.o
 .debug_str       0x0001de         0x4f build/default/production/dsPIC33FJ64GS606ADC.o
 .debug_str       0x00022d         0x5d build/default/production/dsPIC33FJ64GS606SPI.o
 .debug_str       0x00028a         0x43 build/default/production/dsPIC33FJ64GS606PWM.o
 .debug_str       0x0002cd         0x12 build/default/production/dsPIC33FJ64GS606IO.o
 .debug_str       0x0002df         0x2d build/default/production/dsPIC33FJ64GS606CLK.o
 .debug_str       0x00030c         0x80 build/default/production/dsPIC33FJ64GS606TIMER.o

.debug_loc
 *(.debug_loc)

.debug_macinfo
 *(.debug_macinfo)

.debug_pubnames
                  0x000000        0x62d
 *(.debug_pubnames)
 .debug_pubnames
                  0x000000        0x34e build/default/production/main_PWMoutput.o
 .debug_pubnames
                  0x00034e         0x99 build/default/production/dsPIC33FJ64GS606UART.o
 .debug_pubnames
                  0x0003e7         0x3b build/default/production/dsPIC33FJ64GS606ADC.o
 .debug_pubnames
                  0x000422         0x98 build/default/production/dsPIC33FJ64GS606SPI.o
 .debug_pubnames
                  0x0004ba         0x68 build/default/production/dsPIC33FJ64GS606PWM.o
 .debug_pubnames
                  0x000522         0x5a build/default/production/dsPIC33FJ64GS606IO.o
 .debug_pubnames
                  0x00057c         0x1e build/default/production/dsPIC33FJ64GS606CLK.o
 .debug_pubnames
                  0x00059a         0x93 build/default/production/dsPIC33FJ64GS606TIMER.o

.debug_ranges
 *(.debug_ranges)

.debug_aranges    0x000000         0xc0
 *(.debug_aranges)
 .debug_aranges
                  0x000000         0x18 build/default/production/main_PWMoutput.o
 .debug_aranges
                  0x000018         0x18 build/default/production/dsPIC33FJ64GS606UART.o
 .debug_aranges
                  0x000030         0x18 build/default/production/dsPIC33FJ64GS606ADC.o
 .debug_aranges
                  0x000048         0x18 build/default/production/dsPIC33FJ64GS606SPI.o
 .debug_aranges
                  0x000060         0x18 build/default/production/dsPIC33FJ64GS606PWM.o
 .debug_aranges
                  0x000078         0x18 build/default/production/dsPIC33FJ64GS606IO.o
 .debug_aranges
                  0x000090         0x18 build/default/production/dsPIC33FJ64GS606CLK.o
 .debug_aranges
                  0x0000a8         0x18 build/default/production/dsPIC33FJ64GS606TIMER.o
                    0x0000                  WREG0 = 0x0
                    0x0000                  _WREG0 = 0x0
                    0x0002                  WREG1 = 0x2
                    0x0002                  _WREG1 = 0x2
                    0x0004                  WREG2 = 0x4
                    0x0004                  _WREG2 = 0x4
                    0x0006                  WREG3 = 0x6
                    0x0006                  _WREG3 = 0x6
                    0x0008                  WREG4 = 0x8
                    0x0008                  _WREG4 = 0x8
                    0x000a                  WREG5 = 0xa
                    0x000a                  _WREG5 = 0xa
                    0x000c                  WREG6 = 0xc
                    0x000c                  _WREG6 = 0xc
                    0x000e                  WREG7 = 0xe
                    0x000e                  _WREG7 = 0xe
                    0x0010                  WREG8 = 0x10
                    0x0010                  _WREG8 = 0x10
                    0x0012                  WREG9 = 0x12
                    0x0012                  _WREG9 = 0x12
                    0x0014                  WREG10 = 0x14
                    0x0014                  _WREG10 = 0x14
                    0x0016                  WREG11 = 0x16
                    0x0016                  _WREG11 = 0x16
                    0x0018                  WREG12 = 0x18
                    0x0018                  _WREG12 = 0x18
                    0x001a                  WREG13 = 0x1a
                    0x001a                  _WREG13 = 0x1a
                    0x001c                  WREG14 = 0x1c
                    0x001c                  _WREG14 = 0x1c
                    0x001e                  WREG15 = 0x1e
                    0x001e                  _WREG15 = 0x1e
                    0x0020                  SPLIM = 0x20
                    0x0020                  _SPLIM = 0x20
                    0x0022                  ACCAL = 0x22
                    0x0022                  _ACCAL = 0x22
                    0x0024                  ACCAH = 0x24
                    0x0024                  _ACCAH = 0x24
                    0x0026                  ACCAU = 0x26
                    0x0026                  _ACCAU = 0x26
                    0x0028                  ACCBL = 0x28
                    0x0028                  _ACCBL = 0x28
                    0x002a                  ACCBH = 0x2a
                    0x002a                  _ACCBH = 0x2a
                    0x002c                  ACCBU = 0x2c
                    0x002c                  _ACCBU = 0x2c
                    0x002e                  PCL = 0x2e
                    0x002e                  _PCL = 0x2e
                    0x0030                  PCH = 0x30
                    0x0030                  _PCH = 0x30
                    0x0032                  TBLPAG = 0x32
                    0x0032                  _TBLPAG = 0x32
                    0x0034                  PSVPAG = 0x34
                    0x0034                  _PSVPAG = 0x34
                    0x0036                  RCOUNT = 0x36
                    0x0036                  _RCOUNT = 0x36
                    0x0038                  DCOUNT = 0x38
                    0x0038                  _DCOUNT = 0x38
                    0x003a                  DOSTARTL = 0x3a
                    0x003a                  _DOSTARTL = 0x3a
                    0x003c                  DOSTARTH = 0x3c
                    0x003c                  _DOSTARTH = 0x3c
                    0x003e                  DOENDL = 0x3e
                    0x003e                  _DOENDL = 0x3e
                    0x0040                  DOENDH = 0x40
                    0x0040                  _DOENDH = 0x40
                    0x0042                  SR = 0x42
                    0x0042                  _SR = 0x42
                    0x0042                  _SRbits = 0x42
                    0x0044                  CORCON = 0x44
                    0x0044                  _CORCON = 0x44
                    0x0044                  _CORCONbits = 0x44
                    0x0046                  MODCON = 0x46
                    0x0046                  _MODCON = 0x46
                    0x0046                  _MODCONbits = 0x46
                    0x0048                  XMODSRT = 0x48
                    0x0048                  _XMODSRT = 0x48
                    0x004a                  XMODEND = 0x4a
                    0x004a                  _XMODEND = 0x4a
                    0x004c                  YMODSRT = 0x4c
                    0x004c                  _YMODSRT = 0x4c
                    0x004e                  YMODEND = 0x4e
                    0x004e                  _YMODEND = 0x4e
                    0x0050                  XBREV = 0x50
                    0x0050                  _XBREV = 0x50
                    0x0050                  _XBREVbits = 0x50
                    0x0052                  DISICNT = 0x52
                    0x0052                  _DISICNT = 0x52
                    0x0060                  CNEN1 = 0x60
                    0x0060                  _CNEN1 = 0x60
                    0x0060                  _CNEN1bits = 0x60
                    0x0062                  CNEN2 = 0x62
                    0x0062                  _CNEN2 = 0x62
                    0x0062                  _CNEN2bits = 0x62
                    0x0068                  CNPU1 = 0x68
                    0x0068                  _CNPU1 = 0x68
                    0x0068                  _CNPU1bits = 0x68
                    0x006a                  CNPU2 = 0x6a
                    0x006a                  _CNPU2 = 0x6a
                    0x006a                  _CNPU2bits = 0x6a
                    0x0080                  INTCON1 = 0x80
                    0x0080                  _INTCON1 = 0x80
                    0x0080                  _INTCON1bits = 0x80
                    0x0082                  INTCON2 = 0x82
                    0x0082                  _INTCON2 = 0x82
                    0x0082                  _INTCON2bits = 0x82
                    0x0084                  IFS0 = 0x84
                    0x0084                  _IFS0 = 0x84
                    0x0084                  _IFS0bits = 0x84
                    0x0086                  IFS1 = 0x86
                    0x0086                  _IFS1 = 0x86
                    0x0086                  _IFS1bits = 0x86
                    0x0088                  IFS2 = 0x88
                    0x0088                  _IFS2 = 0x88
                    0x0088                  _IFS2bits = 0x88
                    0x008a                  IFS3 = 0x8a
                    0x008a                  _IFS3 = 0x8a
                    0x008a                  _IFS3bits = 0x8a
                    0x008c                  IFS4 = 0x8c
                    0x008c                  _IFS4 = 0x8c
                    0x008c                  _IFS4bits = 0x8c
                    0x008e                  IFS5 = 0x8e
                    0x008e                  _IFS5 = 0x8e
                    0x008e                  _IFS5bits = 0x8e
                    0x0090                  IFS6 = 0x90
                    0x0090                  _IFS6 = 0x90
                    0x0090                  _IFS6bits = 0x90
                    0x0092                  IFS7 = 0x92
                    0x0092                  _IFS7 = 0x92
                    0x0092                  _IFS7bits = 0x92
                    0x0094                  IEC0 = 0x94
                    0x0094                  _IEC0 = 0x94
                    0x0094                  _IEC0bits = 0x94
                    0x0096                  IEC1 = 0x96
                    0x0096                  _IEC1 = 0x96
                    0x0096                  _IEC1bits = 0x96
                    0x0098                  IEC2 = 0x98
                    0x0098                  _IEC2 = 0x98
                    0x0098                  _IEC2bits = 0x98
                    0x009a                  IEC3 = 0x9a
                    0x009a                  _IEC3 = 0x9a
                    0x009a                  _IEC3bits = 0x9a
                    0x009c                  IEC4 = 0x9c
                    0x009c                  _IEC4 = 0x9c
                    0x009c                  _IEC4bits = 0x9c
                    0x009e                  IEC5 = 0x9e
                    0x009e                  _IEC5 = 0x9e
                    0x009e                  _IEC5bits = 0x9e
                    0x00a0                  IEC6 = 0xa0
                    0x00a0                  _IEC6 = 0xa0
                    0x00a0                  _IEC6bits = 0xa0
                    0x00a2                  IEC7 = 0xa2
                    0x00a2                  _IEC7 = 0xa2
                    0x00a2                  _IEC7bits = 0xa2
                    0x00a4                  IPC0 = 0xa4
                    0x00a4                  _IPC0 = 0xa4
                    0x00a4                  _IPC0bits = 0xa4
                    0x00a6                  IPC1 = 0xa6
                    0x00a6                  _IPC1 = 0xa6
                    0x00a6                  _IPC1bits = 0xa6
                    0x00a8                  IPC2 = 0xa8
                    0x00a8                  _IPC2 = 0xa8
                    0x00a8                  _IPC2bits = 0xa8
                    0x00aa                  IPC3 = 0xaa
                    0x00aa                  _IPC3 = 0xaa
                    0x00aa                  _IPC3bits = 0xaa
                    0x00ac                  IPC4 = 0xac
                    0x00ac                  _IPC4 = 0xac
                    0x00ac                  _IPC4bits = 0xac
                    0x00ae                  IPC5 = 0xae
                    0x00ae                  _IPC5 = 0xae
                    0x00ae                  _IPC5bits = 0xae
                    0x00b0                  IPC6 = 0xb0
                    0x00b0                  _IPC6 = 0xb0
                    0x00b0                  _IPC6bits = 0xb0
                    0x00b2                  IPC7 = 0xb2
                    0x00b2                  _IPC7 = 0xb2
                    0x00b2                  _IPC7bits = 0xb2
                    0x00b4                  IPC8 = 0xb4
                    0x00b4                  _IPC8 = 0xb4
                    0x00b4                  _IPC8bits = 0xb4
                    0x00b6                  IPC9 = 0xb6
                    0x00b6                  _IPC9 = 0xb6
                    0x00b6                  _IPC9bits = 0xb6
                    0x00bc                  IPC12 = 0xbc
                    0x00bc                  _IPC12 = 0xbc
                    0x00bc                  _IPC12bits = 0xbc
                    0x00be                  IPC13 = 0xbe
                    0x00be                  _IPC13 = 0xbe
                    0x00be                  _IPC13bits = 0xbe
                    0x00c0                  IPC14 = 0xc0
                    0x00c0                  _IPC14 = 0xc0
                    0x00c0                  _IPC14bits = 0xc0
                    0x00c4                  IPC16 = 0xc4
                    0x00c4                  _IPC16 = 0xc4
                    0x00c4                  _IPC16bits = 0xc4
                    0x00c6                  IPC17 = 0xc6
                    0x00c6                  _IPC17 = 0xc6
                    0x00c6                  _IPC17bits = 0xc6
                    0x00c8                  IPC18 = 0xc8
                    0x00c8                  _IPC18 = 0xc8
                    0x00c8                  _IPC18bits = 0xc8
                    0x00ce                  IPC21 = 0xce
                    0x00ce                  _IPC21 = 0xce
                    0x00ce                  _IPC21bits = 0xce
                    0x00d2                  IPC23 = 0xd2
                    0x00d2                  _IPC23 = 0xd2
                    0x00d2                  _IPC23bits = 0xd2
                    0x00d4                  IPC24 = 0xd4
                    0x00d4                  _IPC24 = 0xd4
                    0x00d4                  _IPC24bits = 0xd4
                    0x00d6                  IPC25 = 0xd6
                    0x00d6                  _IPC25 = 0xd6
                    0x00d6                  _IPC25bits = 0xd6
                    0x00d8                  IPC26 = 0xd8
                    0x00d8                  _IPC26 = 0xd8
                    0x00d8                  _IPC26bits = 0xd8
                    0x00da                  IPC27 = 0xda
                    0x00da                  _IPC27 = 0xda
                    0x00da                  _IPC27bits = 0xda
                    0x00dc                  IPC28 = 0xdc
                    0x00dc                  _IPC28 = 0xdc
                    0x00dc                  _IPC28bits = 0xdc
                    0x00de                  IPC29 = 0xde
                    0x00de                  _IPC29 = 0xde
                    0x00de                  _IPC29bits = 0xde
                    0x00e0                  INTTREG = 0xe0
                    0x00e0                  _INTTREG = 0xe0
                    0x00e0                  _INTTREGbits = 0xe0
                    0x0100                  TMR1 = 0x100
                    0x0100                  _TMR1 = 0x100
                    0x0102                  PR1 = 0x102
                    0x0102                  _PR1 = 0x102
                    0x0104                  T1CON = 0x104
                    0x0104                  _T1CON = 0x104
                    0x0104                  _T1CONbits = 0x104
                    0x0106                  TMR2 = 0x106
                    0x0106                  _TMR2 = 0x106
                    0x0108                  TMR3HLD = 0x108
                    0x0108                  _TMR3HLD = 0x108
                    0x010a                  TMR3 = 0x10a
                    0x010a                  _TMR3 = 0x10a
                    0x010c                  PR2 = 0x10c
                    0x010c                  _PR2 = 0x10c
                    0x010e                  PR3 = 0x10e
                    0x010e                  _PR3 = 0x10e
                    0x0110                  T2CON = 0x110
                    0x0110                  _T2CON = 0x110
                    0x0110                  _T2CONbits = 0x110
                    0x0112                  T3CON = 0x112
                    0x0112                  _T3CON = 0x112
                    0x0112                  _T3CONbits = 0x112
                    0x0114                  TMR4 = 0x114
                    0x0114                  _TMR4 = 0x114
                    0x0116                  TMR5HLD = 0x116
                    0x0116                  _TMR5HLD = 0x116
                    0x0118                  TMR5 = 0x118
                    0x0118                  _TMR5 = 0x118
                    0x011a                  PR4 = 0x11a
                    0x011a                  _PR4 = 0x11a
                    0x011c                  PR5 = 0x11c
                    0x011c                  _PR5 = 0x11c
                    0x011e                  T4CON = 0x11e
                    0x011e                  _T4CON = 0x11e
                    0x011e                  _T4CONbits = 0x11e
                    0x0120                  T5CON = 0x120
                    0x0120                  _T5CON = 0x120
                    0x0120                  _T5CONbits = 0x120
                    0x0140                  IC1BUF = 0x140
                    0x0140                  _IC1BUF = 0x140
                    0x0142                  IC1CON = 0x142
                    0x0142                  _IC1CON = 0x142
                    0x0142                  _IC1CONbits = 0x142
                    0x0144                  IC2BUF = 0x144
                    0x0144                  _IC2BUF = 0x144
                    0x0146                  IC2CON = 0x146
                    0x0146                  _IC2CON = 0x146
                    0x0146                  _IC2CONbits = 0x146
                    0x0148                  IC3BUF = 0x148
                    0x0148                  _IC3BUF = 0x148
                    0x014a                  IC3CON = 0x14a
                    0x014a                  _IC3CON = 0x14a
                    0x014a                  _IC3CONbits = 0x14a
                    0x014c                  IC4BUF = 0x14c
                    0x014c                  _IC4BUF = 0x14c
                    0x014e                  IC4CON = 0x14e
                    0x014e                  _IC4CON = 0x14e
                    0x014e                  _IC4CONbits = 0x14e
                    0x0180                  OC1RS = 0x180
                    0x0180                  _OC1RS = 0x180
                    0x0182                  OC1R = 0x182
                    0x0182                  _OC1R = 0x182
                    0x0184                  OC1CON = 0x184
                    0x0184                  _OC1CON = 0x184
                    0x0184                  _OC1CONbits = 0x184
                    0x0186                  OC2RS = 0x186
                    0x0186                  _OC2RS = 0x186
                    0x0188                  OC2R = 0x188
                    0x0188                  _OC2R = 0x188
                    0x018a                  OC2CON = 0x18a
                    0x018a                  _OC2CON = 0x18a
                    0x018a                  _OC2CONbits = 0x18a
                    0x018c                  OC3RS = 0x18c
                    0x018c                  _OC3RS = 0x18c
                    0x018e                  OC3R = 0x18e
                    0x018e                  _OC3R = 0x18e
                    0x0190                  OC3CON = 0x190
                    0x0190                  _OC3CON = 0x190
                    0x0190                  _OC3CONbits = 0x190
                    0x0192                  OC4RS = 0x192
                    0x0192                  _OC4RS = 0x192
                    0x0194                  OC4R = 0x194
                    0x0194                  _OC4R = 0x194
                    0x0196                  OC4CON = 0x196
                    0x0196                  _OC4CON = 0x196
                    0x0196                  _OC4CONbits = 0x196
                    0x01e0                  QEI1CON = 0x1e0
                    0x01e0                  _QEI1CON = 0x1e0
                    0x01e0                  _QEI1CONbits = 0x1e0
                    0x01e2                  DFLT1CON = 0x1e2
                    0x01e2                  _DFLT1CON = 0x1e2
                    0x01e2                  _DFLT1CONbits = 0x1e2
                    0x01e4                  POS1CNT = 0x1e4
                    0x01e4                  _POS1CNT = 0x1e4
                    0x01e6                  MAX1CNT = 0x1e6
                    0x01e6                  _MAX1CNT = 0x1e6
                    0x01f0                  QEI2CON = 0x1f0
                    0x01f0                  _QEI2CON = 0x1f0
                    0x01f0                  _QEI2CONbits = 0x1f0
                    0x01f2                  DFLT2CON = 0x1f2
                    0x01f2                  _DFLT2CON = 0x1f2
                    0x01f2                  _DFLT2CONbits = 0x1f2
                    0x01f4                  POS2CNT = 0x1f4
                    0x01f4                  _POS2CNT = 0x1f4
                    0x01f6                  MAX2CNT = 0x1f6
                    0x01f6                  _MAX2CNT = 0x1f6
                    0x0200                  I2C1RCV = 0x200
                    0x0200                  _I2C1RCV = 0x200
                    0x0200                  I2CRCV = 0x200
                    0x0200                  _I2CRCV = 0x200
                    0x0202                  I2C1TRN = 0x202
                    0x0202                  _I2C1TRN = 0x202
                    0x0202                  I2CTRN = 0x202
                    0x0202                  _I2CTRN = 0x202
                    0x0204                  I2C1BRG = 0x204
                    0x0204                  _I2C1BRG = 0x204
                    0x0206                  I2C1CON = 0x206
                    0x0206                  _I2C1CON = 0x206
                    0x0206                  _I2C1CONbits = 0x206
                    0x0206                  I2CCON = 0x206
                    0x0206                  _I2CCON = 0x206
                    0x0206                  _I2CCONbits = 0x206
                    0x0208                  I2C1STAT = 0x208
                    0x0208                  _I2C1STAT = 0x208
                    0x0208                  _I2C1STATbits = 0x208
                    0x0208                  I2CSTAT = 0x208
                    0x0208                  _I2CSTAT = 0x208
                    0x0208                  _I2CSTATbits = 0x208
                    0x020a                  I2C1ADD = 0x20a
                    0x020a                  _I2C1ADD = 0x20a
                    0x020a                  I2CADD = 0x20a
                    0x020a                  _I2CADD = 0x20a
                    0x020c                  I2C1MSK = 0x20c
                    0x020c                  _I2C1MSK = 0x20c
                    0x0210                  I2C2RCV = 0x210
                    0x0210                  _I2C2RCV = 0x210
                    0x0212                  I2C2TRN = 0x212
                    0x0212                  _I2C2TRN = 0x212
                    0x0214                  I2C2BRG = 0x214
                    0x0214                  _I2C2BRG = 0x214
                    0x0216                  I2C2CON = 0x216
                    0x0216                  _I2C2CON = 0x216
                    0x0216                  _I2C2CONbits = 0x216
                    0x0218                  I2C2STAT = 0x218
                    0x0218                  _I2C2STAT = 0x218
                    0x0218                  _I2C2STATbits = 0x218
                    0x021a                  I2C2ADD = 0x21a
                    0x021a                  _I2C2ADD = 0x21a
                    0x021c                  I2C2MSK = 0x21c
                    0x021c                  _I2C2MSK = 0x21c
                    0x0220                  U1MODE = 0x220
                    0x0220                  _U1MODE = 0x220
                    0x0220                  _U1MODEbits = 0x220
                    0x0222                  U1STA = 0x222
                    0x0222                  _U1STA = 0x222
                    0x0222                  _U1STAbits = 0x222
                    0x0224                  U1TXREG = 0x224
                    0x0224                  _U1TXREG = 0x224
                    0x0224                  _U1TXREGbits = 0x224
                    0x0226                  U1RXREG = 0x226
                    0x0226                  _U1RXREG = 0x226
                    0x0226                  _U1RXREGbits = 0x226
                    0x0228                  U1BRG = 0x228
                    0x0228                  _U1BRG = 0x228
                    0x0230                  U2MODE = 0x230
                    0x0230                  _U2MODE = 0x230
                    0x0230                  _U2MODEbits = 0x230
                    0x0232                  U2STA = 0x232
                    0x0232                  _U2STA = 0x232
                    0x0232                  _U2STAbits = 0x232
                    0x0234                  U2TXREG = 0x234
                    0x0234                  _U2TXREG = 0x234
                    0x0234                  _U2TXREGbits = 0x234
                    0x0236                  U2RXREG = 0x236
                    0x0236                  _U2RXREG = 0x236
                    0x0236                  _U2RXREGbits = 0x236
                    0x0238                  U2BRG = 0x238
                    0x0238                  _U2BRG = 0x238
                    0x0240                  SPI1STAT = 0x240
                    0x0240                  _SPI1STAT = 0x240
                    0x0240                  _SPI1STATbits = 0x240
                    0x0242                  SPI1CON1 = 0x242
                    0x0242                  _SPI1CON1 = 0x242
                    0x0242                  _SPI1CON1bits = 0x242
                    0x0244                  SPI1CON2 = 0x244
                    0x0244                  _SPI1CON2 = 0x244
                    0x0244                  _SPI1CON2bits = 0x244
                    0x0248                  SPI1BUF = 0x248
                    0x0248                  _SPI1BUF = 0x248
                    0x0260                  SPI2STAT = 0x260
                    0x0260                  _SPI2STAT = 0x260
                    0x0260                  _SPI2STATbits = 0x260
                    0x0262                  SPI2CON1 = 0x262
                    0x0262                  _SPI2CON1 = 0x262
                    0x0262                  _SPI2CON1bits = 0x262
                    0x0264                  SPI2CON2 = 0x264
                    0x0264                  _SPI2CON2 = 0x264
                    0x0264                  _SPI2CON2bits = 0x264
                    0x0268                  SPI2BUF = 0x268
                    0x0268                  _SPI2BUF = 0x268
                    0x02c8                  TRISB = 0x2c8
                    0x02c8                  _TRISB = 0x2c8
                    0x02c8                  _TRISBbits = 0x2c8
                    0x02ca                  PORTB = 0x2ca
                    0x02ca                  _PORTB = 0x2ca
                    0x02ca                  _PORTBbits = 0x2ca
                    0x02cc                  LATB = 0x2cc
                    0x02cc                  _LATB = 0x2cc
                    0x02cc                  _LATBbits = 0x2cc
                    0x02d0                  TRISC = 0x2d0
                    0x02d0                  _TRISC = 0x2d0
                    0x02d0                  _TRISCbits = 0x2d0
                    0x02d2                  PORTC = 0x2d2
                    0x02d2                  _PORTC = 0x2d2
                    0x02d2                  _PORTCbits = 0x2d2
                    0x02d4                  LATC = 0x2d4
                    0x02d4                  _LATC = 0x2d4
                    0x02d4                  _LATCbits = 0x2d4
                    0x02d8                  TRISD = 0x2d8
                    0x02d8                  _TRISD = 0x2d8
                    0x02d8                  _TRISDbits = 0x2d8
                    0x02da                  PORTD = 0x2da
                    0x02da                  _PORTD = 0x2da
                    0x02da                  _PORTDbits = 0x2da
                    0x02dc                  LATD = 0x2dc
                    0x02dc                  _LATD = 0x2dc
                    0x02dc                  _LATDbits = 0x2dc
                    0x02de                  ODCD = 0x2de
                    0x02de                  _ODCD = 0x2de
                    0x02de                  _ODCDbits = 0x2de
                    0x02e0                  TRISE = 0x2e0
                    0x02e0                  _TRISE = 0x2e0
                    0x02e0                  _TRISEbits = 0x2e0
                    0x02e2                  PORTE = 0x2e2
                    0x02e2                  _PORTE = 0x2e2
                    0x02e2                  _PORTEbits = 0x2e2
                    0x02e4                  LATE = 0x2e4
                    0x02e4                  _LATE = 0x2e4
                    0x02e4                  _LATEbits = 0x2e4
                    0x02e6                  ODCE = 0x2e6
                    0x02e6                  _ODCE = 0x2e6
                    0x02e6                  _ODCEbits = 0x2e6
                    0x02e8                  TRISF = 0x2e8
                    0x02e8                  _TRISF = 0x2e8
                    0x02e8                  _TRISFbits = 0x2e8
                    0x02ea                  PORTF = 0x2ea
                    0x02ea                  _PORTF = 0x2ea
                    0x02ea                  _PORTFbits = 0x2ea
                    0x02ec                  LATF = 0x2ec
                    0x02ec                  _LATF = 0x2ec
                    0x02ec                  _LATFbits = 0x2ec
                    0x02ee                  ODCF = 0x2ee
                    0x02ee                  _ODCF = 0x2ee
                    0x02ee                  _ODCFbits = 0x2ee
                    0x02f0                  TRISG = 0x2f0
                    0x02f0                  _TRISG = 0x2f0
                    0x02f0                  _TRISGbits = 0x2f0
                    0x02f2                  PORTG = 0x2f2
                    0x02f2                  _PORTG = 0x2f2
                    0x02f2                  _PORTGbits = 0x2f2
                    0x02f4                  LATG = 0x2f4
                    0x02f4                  _LATG = 0x2f4
                    0x02f4                  _LATGbits = 0x2f4
                    0x02f6                  ODCG = 0x2f6
                    0x02f6                  _ODCG = 0x2f6
                    0x02f6                  _ODCGbits = 0x2f6
                    0x0300                  ADCON = 0x300
                    0x0300                  _ADCON = 0x300
                    0x0300                  _ADCONbits = 0x300
                    0x0302                  ADPCFG = 0x302
                    0x0302                  _ADPCFG = 0x302
                    0x0302                  _ADPCFGbits = 0x302
                    0x0306                  ADSTAT = 0x306
                    0x0306                  _ADSTAT = 0x306
                    0x0306                  _ADSTATbits = 0x306
                    0x0308                  ADBASE = 0x308
                    0x0308                  _ADBASE = 0x308
                    0x030a                  ADCPC0 = 0x30a
                    0x030a                  _ADCPC0 = 0x30a
                    0x030a                  _ADCPC0bits = 0x30a
                    0x030c                  ADCPC1 = 0x30c
                    0x030c                  _ADCPC1 = 0x30c
                    0x030c                  _ADCPC1bits = 0x30c
                    0x030e                  ADCPC2 = 0x30e
                    0x030e                  _ADCPC2 = 0x30e
                    0x030e                  _ADCPC2bits = 0x30e
                    0x0310                  ADCPC3 = 0x310
                    0x0310                  _ADCPC3 = 0x310
                    0x0310                  _ADCPC3bits = 0x310
                    0x0316                  ADCPC6 = 0x316
                    0x0316                  _ADCPC6 = 0x316
                    0x0316                  _ADCPC6bits = 0x316
                    0x0340                  ADCBUF0 = 0x340
                    0x0340                  _ADCBUF0 = 0x340
                    0x0342                  ADCBUF1 = 0x342
                    0x0342                  _ADCBUF1 = 0x342
                    0x0344                  ADCBUF2 = 0x344
                    0x0344                  _ADCBUF2 = 0x344
                    0x0346                  ADCBUF3 = 0x346
                    0x0346                  _ADCBUF3 = 0x346
                    0x0348                  ADCBUF4 = 0x348
                    0x0348                  _ADCBUF4 = 0x348
                    0x034a                  ADCBUF5 = 0x34a
                    0x034a                  _ADCBUF5 = 0x34a
                    0x034c                  ADCBUF6 = 0x34c
                    0x034c                  _ADCBUF6 = 0x34c
                    0x034e                  ADCBUF7 = 0x34e
                    0x034e                  _ADCBUF7 = 0x34e
                    0x0350                  ADCBUF8 = 0x350
                    0x0350                  _ADCBUF8 = 0x350
                    0x0352                  ADCBUF9 = 0x352
                    0x0352                  _ADCBUF9 = 0x352
                    0x0354                  ADCBUF10 = 0x354
                    0x0354                  _ADCBUF10 = 0x354
                    0x0356                  ADCBUF11 = 0x356
                    0x0356                  _ADCBUF11 = 0x356
                    0x0358                  ADCBUF12 = 0x358
                    0x0358                  _ADCBUF12 = 0x358
                    0x035a                  ADCBUF13 = 0x35a
                    0x035a                  _ADCBUF13 = 0x35a
                    0x035c                  ADCBUF14 = 0x35c
                    0x035c                  _ADCBUF14 = 0x35c
                    0x035e                  ADCBUF15 = 0x35e
                    0x035e                  _ADCBUF15 = 0x35e
                    0x0370                  ADCBUF24 = 0x370
                    0x0370                  _ADCBUF24 = 0x370
                    0x0372                  ADCBUF25 = 0x372
                    0x0372                  _ADCBUF25 = 0x372
                    0x0380                  DMA0CON = 0x380
                    0x0380                  _DMA0CON = 0x380
                    0x0380                  _DMA0CONbits = 0x380
                    0x0382                  DMA0REQ = 0x382
                    0x0382                  _DMA0REQ = 0x382
                    0x0382                  _DMA0REQbits = 0x382
                    0x0384                  DMA0STA = 0x384
                    0x0384                  _DMA0STA = 0x384
                    0x0386                  DMA0STB = 0x386
                    0x0386                  _DMA0STB = 0x386
                    0x0388                  DMA0PAD = 0x388
                    0x0388                  _DMA0PAD = 0x388
                    0x038a                  DMA0CNT = 0x38a
                    0x038a                  _DMA0CNT = 0x38a
                    0x038c                  DMA1CON = 0x38c
                    0x038c                  _DMA1CON = 0x38c
                    0x038c                  _DMA1CONbits = 0x38c
                    0x038e                  DMA1REQ = 0x38e
                    0x038e                  _DMA1REQ = 0x38e
                    0x038e                  _DMA1REQbits = 0x38e
                    0x0390                  DMA1STA = 0x390
                    0x0390                  _DMA1STA = 0x390
                    0x0392                  DMA1STB = 0x392
                    0x0392                  _DMA1STB = 0x392
                    0x0394                  DMA1PAD = 0x394
                    0x0394                  _DMA1PAD = 0x394
                    0x0396                  DMA1CNT = 0x396
                    0x0396                  _DMA1CNT = 0x396
                    0x0398                  DMA2CON = 0x398
                    0x0398                  _DMA2CON = 0x398
                    0x0398                  _DMA2CONbits = 0x398
                    0x039a                  DMA2REQ = 0x39a
                    0x039a                  _DMA2REQ = 0x39a
                    0x039a                  _DMA2REQbits = 0x39a
                    0x039c                  DMA2STA = 0x39c
                    0x039c                  _DMA2STA = 0x39c
                    0x039e                  DMA2STB = 0x39e
                    0x039e                  _DMA2STB = 0x39e
                    0x03a0                  DMA2PAD = 0x3a0
                    0x03a0                  _DMA2PAD = 0x3a0
                    0x03a2                  DMA2CNT = 0x3a2
                    0x03a2                  _DMA2CNT = 0x3a2
                    0x03a4                  DMA3CON = 0x3a4
                    0x03a4                  _DMA3CON = 0x3a4
                    0x03a4                  _DMA3CONbits = 0x3a4
                    0x03a6                  DMA3REQ = 0x3a6
                    0x03a6                  _DMA3REQ = 0x3a6
                    0x03a6                  _DMA3REQbits = 0x3a6
                    0x03a8                  DMA3STA = 0x3a8
                    0x03a8                  _DMA3STA = 0x3a8
                    0x03aa                  DMA3STB = 0x3aa
                    0x03aa                  _DMA3STB = 0x3aa
                    0x03ac                  DMA3PAD = 0x3ac
                    0x03ac                  _DMA3PAD = 0x3ac
                    0x03ae                  DMA3CNT = 0x3ae
                    0x03ae                  _DMA3CNT = 0x3ae
                    0x03e0                  DMACS0 = 0x3e0
                    0x03e0                  _DMACS0 = 0x3e0
                    0x03e0                  _DMACS0bits = 0x3e0
                    0x03e2                  DMACS1 = 0x3e2
                    0x03e2                  _DMACS1 = 0x3e2
                    0x03e2                  _DMACS1bits = 0x3e2
                    0x03e4                  DSADR = 0x3e4
                    0x03e4                  _DSADR = 0x3e4
                    0x0400                  PTCON = 0x400
                    0x0400                  _PTCON = 0x400
                    0x0400                  _PTCONbits = 0x400
                    0x0402                  PTCON2 = 0x402
                    0x0402                  _PTCON2 = 0x402
                    0x0402                  _PTCON2bits = 0x402
                    0x0404                  PTPER = 0x404
                    0x0404                  _PTPER = 0x404
                    0x0406                  SEVTCMP = 0x406
                    0x0406                  _SEVTCMP = 0x406
                    0x040a                  MDC = 0x40a
                    0x040a                  _MDC = 0x40a
                    0x040e                  STCON = 0x40e
                    0x040e                  _STCON = 0x40e
                    0x040e                  _STCONbits = 0x40e
                    0x0410                  STCON2 = 0x410
                    0x0410                  _STCON2 = 0x410
                    0x0410                  _STCON2bits = 0x410
                    0x0412                  STPER = 0x412
                    0x0412                  _STPER = 0x412
                    0x0414                  SSEVTCMP = 0x414
                    0x0414                  _SSEVTCMP = 0x414
                    0x041a                  CHOP = 0x41a
                    0x041a                  _CHOP = 0x41a
                    0x041a                  _CHOPbits = 0x41a
                    0x0420                  PWMCON1 = 0x420
                    0x0420                  _PWMCON1 = 0x420
                    0x0420                  _PWMCON1bits = 0x420
                    0x0422                  IOCON1 = 0x422
                    0x0422                  _IOCON1 = 0x422
                    0x0422                  _IOCON1bits = 0x422
                    0x0424                  FCLCON1 = 0x424
                    0x0424                  _FCLCON1 = 0x424
                    0x0424                  _FCLCON1bits = 0x424
                    0x0426                  PDC1 = 0x426
                    0x0426                  _PDC1 = 0x426
                    0x0428                  PHASE1 = 0x428
                    0x0428                  _PHASE1 = 0x428
                    0x042a                  DTR1 = 0x42a
                    0x042a                  _DTR1 = 0x42a
                    0x042c                  ALTDTR1 = 0x42c
                    0x042c                  _ALTDTR1 = 0x42c
                    0x042e                  SDC1 = 0x42e
                    0x042e                  _SDC1 = 0x42e
                    0x0430                  SPHASE1 = 0x430
                    0x0430                  _SPHASE1 = 0x430
                    0x0432                  TRIG1 = 0x432
                    0x0432                  _TRIG1 = 0x432
                    0x0432                  _TRIG1bits = 0x432
                    0x0434                  TRGCON1 = 0x434
                    0x0434                  _TRGCON1 = 0x434
                    0x0434                  _TRGCON1bits = 0x434
                    0x0436                  STRIG1 = 0x436
                    0x0436                  _STRIG1 = 0x436
                    0x0436                  _STRIG1bits = 0x436
                    0x0438                  PWMCAP1 = 0x438
                    0x0438                  _PWMCAP1 = 0x438
                    0x0438                  _PWMCAP1bits = 0x438
                    0x043a                  LEBCON1 = 0x43a
                    0x043a                  _LEBCON1 = 0x43a
                    0x043a                  _LEBCON1bits = 0x43a
                    0x043c                  LEBDLY1 = 0x43c
                    0x043c                  _LEBDLY1 = 0x43c
                    0x043c                  _LEBDLY1bits = 0x43c
                    0x043e                  AUXCON1 = 0x43e
                    0x043e                  _AUXCON1 = 0x43e
                    0x043e                  _AUXCON1bits = 0x43e
                    0x0440                  PWMCON2 = 0x440
                    0x0440                  _PWMCON2 = 0x440
                    0x0440                  _PWMCON2bits = 0x440
                    0x0442                  IOCON2 = 0x442
                    0x0442                  _IOCON2 = 0x442
                    0x0442                  _IOCON2bits = 0x442
                    0x0444                  FCLCON2 = 0x444
                    0x0444                  _FCLCON2 = 0x444
                    0x0444                  _FCLCON2bits = 0x444
                    0x0446                  PDC2 = 0x446
                    0x0446                  _PDC2 = 0x446
                    0x0448                  PHASE2 = 0x448
                    0x0448                  _PHASE2 = 0x448
                    0x044a                  DTR2 = 0x44a
                    0x044a                  _DTR2 = 0x44a
                    0x044c                  ALTDTR2 = 0x44c
                    0x044c                  _ALTDTR2 = 0x44c
                    0x044e                  SDC2 = 0x44e
                    0x044e                  _SDC2 = 0x44e
                    0x0450                  SPHASE2 = 0x450
                    0x0450                  _SPHASE2 = 0x450
                    0x0452                  TRIG2 = 0x452
                    0x0452                  _TRIG2 = 0x452
                    0x0452                  _TRIG2bits = 0x452
                    0x0454                  TRGCON2 = 0x454
                    0x0454                  _TRGCON2 = 0x454
                    0x0454                  _TRGCON2bits = 0x454
                    0x0456                  STRIG2 = 0x456
                    0x0456                  _STRIG2 = 0x456
                    0x0456                  _STRIG2bits = 0x456
                    0x0458                  PWMCAP2 = 0x458
                    0x0458                  _PWMCAP2 = 0x458
                    0x045a                  LEBCON2 = 0x45a
                    0x045a                  _LEBCON2 = 0x45a
                    0x045a                  _LEBCON2bits = 0x45a
                    0x045c                  LEBDLY2 = 0x45c
                    0x045c                  _LEBDLY2 = 0x45c
                    0x045c                  _LEBDLY2bits = 0x45c
                    0x045e                  AUXCON2 = 0x45e
                    0x045e                  _AUXCON2 = 0x45e
                    0x045e                  _AUXCON2bits = 0x45e
                    0x0460                  PWMCON3 = 0x460
                    0x0460                  _PWMCON3 = 0x460
                    0x0460                  _PWMCON3bits = 0x460
                    0x0462                  IOCON3 = 0x462
                    0x0462                  _IOCON3 = 0x462
                    0x0462                  _IOCON3bits = 0x462
                    0x0464                  FCLCON3 = 0x464
                    0x0464                  _FCLCON3 = 0x464
                    0x0464                  _FCLCON3bits = 0x464
                    0x0466                  PDC3 = 0x466
                    0x0466                  _PDC3 = 0x466
                    0x0468                  PHASE3 = 0x468
                    0x0468                  _PHASE3 = 0x468
                    0x046a                  DTR3 = 0x46a
                    0x046a                  _DTR3 = 0x46a
                    0x046c                  ALTDTR3 = 0x46c
                    0x046c                  _ALTDTR3 = 0x46c
                    0x046e                  SDC3 = 0x46e
                    0x046e                  _SDC3 = 0x46e
                    0x0470                  SPHASE3 = 0x470
                    0x0470                  _SPHASE3 = 0x470
                    0x0472                  TRIG3 = 0x472
                    0x0472                  _TRIG3 = 0x472
                    0x0472                  _TRIG3bits = 0x472
                    0x0474                  TRGCON3 = 0x474
                    0x0474                  _TRGCON3 = 0x474
                    0x0474                  _TRGCON3bits = 0x474
                    0x0476                  STRIG3 = 0x476
                    0x0476                  _STRIG3 = 0x476
                    0x0476                  _STRIG3bits = 0x476
                    0x0478                  PWMCAP3 = 0x478
                    0x0478                  _PWMCAP3 = 0x478
                    0x047a                  LEBCON3 = 0x47a
                    0x047a                  _LEBCON3 = 0x47a
                    0x047a                  _LEBCON3bits = 0x47a
                    0x047c                  LEBDLY3 = 0x47c
                    0x047c                  _LEBDLY3 = 0x47c
                    0x047c                  _LEBDLY3bits = 0x47c
                    0x047e                  AUXCON3 = 0x47e
                    0x047e                  _AUXCON3 = 0x47e
                    0x047e                  _AUXCON3bits = 0x47e
                    0x0480                  PWMCON4 = 0x480
                    0x0480                  _PWMCON4 = 0x480
                    0x0480                  _PWMCON4bits = 0x480
                    0x0482                  IOCON4 = 0x482
                    0x0482                  _IOCON4 = 0x482
                    0x0482                  _IOCON4bits = 0x482
                    0x0484                  FCLCON4 = 0x484
                    0x0484                  _FCLCON4 = 0x484
                    0x0484                  _FCLCON4bits = 0x484
                    0x0486                  PDC4 = 0x486
                    0x0486                  _PDC4 = 0x486
                    0x0488                  PHASE4 = 0x488
                    0x0488                  _PHASE4 = 0x488
                    0x048a                  DTR4 = 0x48a
                    0x048a                  _DTR4 = 0x48a
                    0x048c                  ALTDTR4 = 0x48c
                    0x048c                  _ALTDTR4 = 0x48c
                    0x048e                  SDC4 = 0x48e
                    0x048e                  _SDC4 = 0x48e
                    0x0490                  SPHASE4 = 0x490
                    0x0490                  _SPHASE4 = 0x490
                    0x0492                  TRIG4 = 0x492
                    0x0492                  _TRIG4 = 0x492
                    0x0492                  _TRIG4bits = 0x492
                    0x0494                  TRGCON4 = 0x494
                    0x0494                  _TRGCON4 = 0x494
                    0x0494                  _TRGCON4bits = 0x494
                    0x0496                  STRIG4 = 0x496
                    0x0496                  _STRIG4 = 0x496
                    0x0496                  _STRIG4bits = 0x496
                    0x0498                  PWMCAP4 = 0x498
                    0x0498                  _PWMCAP4 = 0x498
                    0x049a                  LEBCON4 = 0x49a
                    0x049a                  _LEBCON4 = 0x49a
                    0x049a                  _LEBCON4bits = 0x49a
                    0x049c                  LEBDLY4 = 0x49c
                    0x049c                  _LEBDLY4 = 0x49c
                    0x049c                  _LEBDLY4bits = 0x49c
                    0x049e                  AUXCON4 = 0x49e
                    0x049e                  _AUXCON4 = 0x49e
                    0x049e                  _AUXCON4bits = 0x49e
                    0x04a0                  PWMCON5 = 0x4a0
                    0x04a0                  _PWMCON5 = 0x4a0
                    0x04a0                  _PWMCON5bits = 0x4a0
                    0x04a2                  IOCON5 = 0x4a2
                    0x04a2                  _IOCON5 = 0x4a2
                    0x04a2                  _IOCON5bits = 0x4a2
                    0x04a4                  FCLCON5 = 0x4a4
                    0x04a4                  _FCLCON5 = 0x4a4
                    0x04a4                  _FCLCON5bits = 0x4a4
                    0x04a6                  PDC5 = 0x4a6
                    0x04a6                  _PDC5 = 0x4a6
                    0x04a8                  PHASE5 = 0x4a8
                    0x04a8                  _PHASE5 = 0x4a8
                    0x04aa                  DTR5 = 0x4aa
                    0x04aa                  _DTR5 = 0x4aa
                    0x04ac                  ALTDTR5 = 0x4ac
                    0x04ac                  _ALTDTR5 = 0x4ac
                    0x04ae                  SDC5 = 0x4ae
                    0x04ae                  _SDC5 = 0x4ae
                    0x04b0                  SPHASE5 = 0x4b0
                    0x04b0                  _SPHASE5 = 0x4b0
                    0x04b2                  TRIG5 = 0x4b2
                    0x04b2                  _TRIG5 = 0x4b2
                    0x04b2                  _TRIG5bits = 0x4b2
                    0x04b4                  TRGCON5 = 0x4b4
                    0x04b4                  _TRGCON5 = 0x4b4
                    0x04b4                  _TRGCON5bits = 0x4b4
                    0x04b6                  STRIG5 = 0x4b6
                    0x04b6                  _STRIG5 = 0x4b6
                    0x04b6                  _STRIG5bits = 0x4b6
                    0x04b8                  PWMCAP5 = 0x4b8
                    0x04b8                  _PWMCAP5 = 0x4b8
                    0x04ba                  LEBCON5 = 0x4ba
                    0x04ba                  _LEBCON5 = 0x4ba
                    0x04ba                  _LEBCON5bits = 0x4ba
                    0x04bc                  LEBDLY5 = 0x4bc
                    0x04bc                  _LEBDLY5 = 0x4bc
                    0x04bc                  _LEBDLY5bits = 0x4bc
                    0x04be                  AUXCON5 = 0x4be
                    0x04be                  _AUXCON5 = 0x4be
                    0x04be                  _AUXCON5bits = 0x4be
                    0x04c0                  PWMCON6 = 0x4c0
                    0x04c0                  _PWMCON6 = 0x4c0
                    0x04c0                  _PWMCON6bits = 0x4c0
                    0x04c2                  IOCON6 = 0x4c2
                    0x04c2                  _IOCON6 = 0x4c2
                    0x04c2                  _IOCON6bits = 0x4c2
                    0x04c4                  FCLCON6 = 0x4c4
                    0x04c4                  _FCLCON6 = 0x4c4
                    0x04c4                  _FCLCON6bits = 0x4c4
                    0x04c6                  PDC6 = 0x4c6
                    0x04c6                  _PDC6 = 0x4c6
                    0x04c8                  PHASE6 = 0x4c8
                    0x04c8                  _PHASE6 = 0x4c8
                    0x04ca                  DTR6 = 0x4ca
                    0x04ca                  _DTR6 = 0x4ca
                    0x04cc                  ALTDTR6 = 0x4cc
                    0x04cc                  _ALTDTR6 = 0x4cc
                    0x04ce                  SDC6 = 0x4ce
                    0x04ce                  _SDC6 = 0x4ce
                    0x04d0                  SPHASE6 = 0x4d0
                    0x04d0                  _SPHASE6 = 0x4d0
                    0x04d2                  TRIG6 = 0x4d2
                    0x04d2                  _TRIG6 = 0x4d2
                    0x04d2                  _TRIG6bits = 0x4d2
                    0x04d4                  TRGCON6 = 0x4d4
                    0x04d4                  _TRGCON6 = 0x4d4
                    0x04d4                  _TRGCON6bits = 0x4d4
                    0x04d6                  STRIG6 = 0x4d6
                    0x04d6                  _STRIG6 = 0x4d6
                    0x04d6                  _STRIG6bits = 0x4d6
                    0x04d8                  PWMCAP6 = 0x4d8
                    0x04d8                  _PWMCAP6 = 0x4d8
                    0x04da                  LEBCON6 = 0x4da
                    0x04da                  _LEBCON6 = 0x4da
                    0x04da                  _LEBCON6bits = 0x4da
                    0x04dc                  LEBDLY6 = 0x4dc
                    0x04dc                  _LEBDLY6 = 0x4dc
                    0x04dc                  _LEBDLY6bits = 0x4dc
                    0x04de                  AUXCON6 = 0x4de
                    0x04de                  _AUXCON6 = 0x4de
                    0x04de                  _AUXCON6bits = 0x4de
                    0x0540                  CMPCON1 = 0x540
                    0x0540                  _CMPCON1 = 0x540
                    0x0540                  _CMPCON1bits = 0x540
                    0x0542                  CMPDAC1 = 0x542
                    0x0542                  _CMPDAC1 = 0x542
                    0x0542                  _CMPDAC1bits = 0x542
                    0x0544                  CMPCON2 = 0x544
                    0x0544                  _CMPCON2 = 0x544
                    0x0544                  _CMPCON2bits = 0x544
                    0x0546                  CMPDAC2 = 0x546
                    0x0546                  _CMPDAC2 = 0x546
                    0x0546                  _CMPDAC2bits = 0x546
                    0x0548                  CMPCON3 = 0x548
                    0x0548                  _CMPCON3 = 0x548
                    0x0548                  _CMPCON3bits = 0x548
                    0x054a                  CMPDAC3 = 0x54a
                    0x054a                  _CMPDAC3 = 0x54a
                    0x054a                  _CMPDAC3bits = 0x54a
                    0x054c                  CMPCON4 = 0x54c
                    0x054c                  _CMPCON4 = 0x54c
                    0x054c                  _CMPCON4bits = 0x54c
                    0x054e                  CMPDAC4 = 0x54e
                    0x054e                  _CMPDAC4 = 0x54e
                    0x054e                  _CMPDAC4bits = 0x54e
                    0x0600                  C1CTRL1 = 0x600
                    0x0600                  _C1CTRL1 = 0x600
                    0x0600                  _C1CTRL1bits = 0x600
                    0x0602                  C1CTRL2 = 0x602
                    0x0602                  _C1CTRL2 = 0x602
                    0x0602                  _C1CTRL2bits = 0x602
                    0x0604                  C1VEC = 0x604
                    0x0604                  _C1VEC = 0x604
                    0x0604                  _C1VECbits = 0x604
                    0x0606                  C1FCTRL = 0x606
                    0x0606                  _C1FCTRL = 0x606
                    0x0606                  _C1FCTRLbits = 0x606
                    0x0608                  C1FIFO = 0x608
                    0x0608                  _C1FIFO = 0x608
                    0x0608                  _C1FIFObits = 0x608
                    0x060a                  C1INTF = 0x60a
                    0x060a                  _C1INTF = 0x60a
                    0x060a                  _C1INTFbits = 0x60a
                    0x060c                  C1INTE = 0x60c
                    0x060c                  _C1INTE = 0x60c
                    0x060c                  _C1INTEbits = 0x60c
                    0x060e                  C1EC = 0x60e
                    0x060e                  _C1EC = 0x60e
                    0x060e                  _C1ECbits = 0x60e
                    0x060e                  C1RERRCNT = 0x60e
                    0x060e                  _C1RERRCNT = 0x60e
                    0x060f                  C1TERRCNT = 0x60f
                    0x060f                  _C1TERRCNT = 0x60f
                    0x0610                  C1CFG1 = 0x610
                    0x0610                  _C1CFG1 = 0x610
                    0x0610                  _C1CFG1bits = 0x610
                    0x0612                  C1CFG2 = 0x612
                    0x0612                  _C1CFG2 = 0x612
                    0x0612                  _C1CFG2bits = 0x612
                    0x0614                  C1FEN1 = 0x614
                    0x0614                  _C1FEN1 = 0x614
                    0x0614                  _C1FEN1bits = 0x614
                    0x0618                  C1FMSKSEL1 = 0x618
                    0x0618                  _C1FMSKSEL1 = 0x618
                    0x0618                  _C1FMSKSEL1bits = 0x618
                    0x061a                  C1FMSKSEL2 = 0x61a
                    0x061a                  _C1FMSKSEL2 = 0x61a
                    0x061a                  _C1FMSKSEL2bits = 0x61a
                    0x0620                  C1BUFPNT1 = 0x620
                    0x0620                  _C1BUFPNT1 = 0x620
                    0x0620                  _C1BUFPNT1bits = 0x620
                    0x0620                  C1RXFUL1 = 0x620
                    0x0620                  _C1RXFUL1 = 0x620
                    0x0620                  _C1RXFUL1bits = 0x620
                    0x0622                  C1BUFPNT2 = 0x622
                    0x0622                  _C1BUFPNT2 = 0x622
                    0x0622                  _C1BUFPNT2bits = 0x622
                    0x0622                  C1RXFUL2 = 0x622
                    0x0622                  _C1RXFUL2 = 0x622
                    0x0622                  _C1RXFUL2bits = 0x622
                    0x0624                  C1BUFPNT3 = 0x624
                    0x0624                  _C1BUFPNT3 = 0x624
                    0x0624                  _C1BUFPNT3bits = 0x624
                    0x0626                  C1BUFPNT4 = 0x626
                    0x0626                  _C1BUFPNT4 = 0x626
                    0x0626                  _C1BUFPNT4bits = 0x626
                    0x0628                  C1RXOVF1 = 0x628
                    0x0628                  _C1RXOVF1 = 0x628
                    0x0628                  _C1RXOVF1bits = 0x628
                    0x062a                  C1RXOVF2 = 0x62a
                    0x062a                  _C1RXOVF2 = 0x62a
                    0x062a                  _C1RXOVF2bits = 0x62a
                    0x0630                  C1RXM0SID = 0x630
                    0x0630                  _C1RXM0SID = 0x630
                    0x0630                  _C1RXM0SIDbits = 0x630
                    0x0630                  C1TR01CON = 0x630
                    0x0630                  _C1TR01CON = 0x630
                    0x0630                  _C1TR01CONbits = 0x630
                    0x0632                  C1RXM0EID = 0x632
                    0x0632                  _C1RXM0EID = 0x632
                    0x0632                  _C1RXM0EIDbits = 0x632
                    0x0632                  C1TR23CON = 0x632
                    0x0632                  _C1TR23CON = 0x632
                    0x0632                  _C1TR23CONbits = 0x632
                    0x0634                  C1RXM1SID = 0x634
                    0x0634                  _C1RXM1SID = 0x634
                    0x0634                  _C1RXM1SIDbits = 0x634
                    0x0634                  C1TR45CON = 0x634
                    0x0634                  _C1TR45CON = 0x634
                    0x0634                  _C1TR45CONbits = 0x634
                    0x0636                  C1RXM1EID = 0x636
                    0x0636                  _C1RXM1EID = 0x636
                    0x0636                  _C1RXM1EIDbits = 0x636
                    0x0636                  C1TR67CON = 0x636
                    0x0636                  _C1TR67CON = 0x636
                    0x0636                  _C1TR67CONbits = 0x636
                    0x0638                  C1RXM2SID = 0x638
                    0x0638                  _C1RXM2SID = 0x638
                    0x0638                  _C1RXM2SIDbits = 0x638
                    0x063a                  C1RXM2EID = 0x63a
                    0x063a                  _C1RXM2EID = 0x63a
                    0x063a                  _C1RXM2EIDbits = 0x63a
                    0x0640                  C1RXD = 0x640
                    0x0640                  _C1RXD = 0x640
                    0x0640                  C1RXF0SID = 0x640
                    0x0640                  _C1RXF0SID = 0x640
                    0x0640                  _C1RXF0SIDbits = 0x640
                    0x0642                  C1RXF0EID = 0x642
                    0x0642                  _C1RXF0EID = 0x642
                    0x0642                  _C1RXF0EIDbits = 0x642
                    0x0642                  C1TXD = 0x642
                    0x0642                  _C1TXD = 0x642
                    0x0644                  C1RXF1SID = 0x644
                    0x0644                  _C1RXF1SID = 0x644
                    0x0644                  _C1RXF1SIDbits = 0x644
                    0x0646                  C1RXF1EID = 0x646
                    0x0646                  _C1RXF1EID = 0x646
                    0x0646                  _C1RXF1EIDbits = 0x646
                    0x0648                  C1RXF2SID = 0x648
                    0x0648                  _C1RXF2SID = 0x648
                    0x0648                  _C1RXF2SIDbits = 0x648
                    0x064a                  C1RXF2EID = 0x64a
                    0x064a                  _C1RXF2EID = 0x64a
                    0x064a                  _C1RXF2EIDbits = 0x64a
                    0x064c                  C1RXF3SID = 0x64c
                    0x064c                  _C1RXF3SID = 0x64c
                    0x064c                  _C1RXF3SIDbits = 0x64c
                    0x064e                  C1RXF3EID = 0x64e
                    0x064e                  _C1RXF3EID = 0x64e
                    0x064e                  _C1RXF3EIDbits = 0x64e
                    0x0650                  C1RXF4SID = 0x650
                    0x0650                  _C1RXF4SID = 0x650
                    0x0650                  _C1RXF4SIDbits = 0x650
                    0x0652                  C1RXF4EID = 0x652
                    0x0652                  _C1RXF4EID = 0x652
                    0x0652                  _C1RXF4EIDbits = 0x652
                    0x0654                  C1RXF5SID = 0x654
                    0x0654                  _C1RXF5SID = 0x654
                    0x0654                  _C1RXF5SIDbits = 0x654
                    0x0656                  C1RXF5EID = 0x656
                    0x0656                  _C1RXF5EID = 0x656
                    0x0656                  _C1RXF5EIDbits = 0x656
                    0x0658                  C1RXF6SID = 0x658
                    0x0658                  _C1RXF6SID = 0x658
                    0x0658                  _C1RXF6SIDbits = 0x658
                    0x065a                  C1RXF6EID = 0x65a
                    0x065a                  _C1RXF6EID = 0x65a
                    0x065a                  _C1RXF6EIDbits = 0x65a
                    0x065c                  C1RXF7SID = 0x65c
                    0x065c                  _C1RXF7SID = 0x65c
                    0x065c                  _C1RXF7SIDbits = 0x65c
                    0x065e                  C1RXF7EID = 0x65e
                    0x065e                  _C1RXF7EID = 0x65e
                    0x065e                  _C1RXF7EIDbits = 0x65e
                    0x0660                  C1RXF8SID = 0x660
                    0x0660                  _C1RXF8SID = 0x660
                    0x0660                  _C1RXF8SIDbits = 0x660
                    0x0662                  C1RXF8EID = 0x662
                    0x0662                  _C1RXF8EID = 0x662
                    0x0662                  _C1RXF8EIDbits = 0x662
                    0x0664                  C1RXF9SID = 0x664
                    0x0664                  _C1RXF9SID = 0x664
                    0x0664                  _C1RXF9SIDbits = 0x664
                    0x0666                  C1RXF9EID = 0x666
                    0x0666                  _C1RXF9EID = 0x666
                    0x0666                  _C1RXF9EIDbits = 0x666
                    0x0668                  C1RXF10SID = 0x668
                    0x0668                  _C1RXF10SID = 0x668
                    0x0668                  _C1RXF10SIDbits = 0x668
                    0x066a                  C1RXF10EID = 0x66a
                    0x066a                  _C1RXF10EID = 0x66a
                    0x066a                  _C1RXF10EIDbits = 0x66a
                    0x066c                  C1RXF11SID = 0x66c
                    0x066c                  _C1RXF11SID = 0x66c
                    0x066c                  _C1RXF11SIDbits = 0x66c
                    0x066e                  C1RXF11EID = 0x66e
                    0x066e                  _C1RXF11EID = 0x66e
                    0x066e                  _C1RXF11EIDbits = 0x66e
                    0x0670                  C1RXF12SID = 0x670
                    0x0670                  _C1RXF12SID = 0x670
                    0x0670                  _C1RXF12SIDbits = 0x670
                    0x0672                  C1RXF12EID = 0x672
                    0x0672                  _C1RXF12EID = 0x672
                    0x0672                  _C1RXF12EIDbits = 0x672
                    0x0674                  C1RXF13SID = 0x674
                    0x0674                  _C1RXF13SID = 0x674
                    0x0674                  _C1RXF13SIDbits = 0x674
                    0x0676                  C1RXF13EID = 0x676
                    0x0676                  _C1RXF13EID = 0x676
                    0x0676                  _C1RXF13EIDbits = 0x676
                    0x0678                  C1RXF14SID = 0x678
                    0x0678                  _C1RXF14SID = 0x678
                    0x0678                  _C1RXF14SIDbits = 0x678
                    0x067a                  C1RXF14EID = 0x67a
                    0x067a                  _C1RXF14EID = 0x67a
                    0x067a                  _C1RXF14EIDbits = 0x67a
                    0x067c                  C1RXF15SID = 0x67c
                    0x067c                  _C1RXF15SID = 0x67c
                    0x067c                  _C1RXF15SIDbits = 0x67c
                    0x067e                  C1RXF15EID = 0x67e
                    0x067e                  _C1RXF15EID = 0x67e
                    0x067e                  _C1RXF15EIDbits = 0x67e
                    0x0740                  RCON = 0x740
                    0x0740                  _RCON = 0x740
                    0x0740                  _RCONbits = 0x740
                    0x0742                  OSCCON = 0x742
                    0x0742                  _OSCCON = 0x742
                    0x0742                  _OSCCONbits = 0x742
                    0x0742                  OSCCONL = 0x742
                    0x0742                  _OSCCONL = 0x742
                    0x0743                  OSCCONH = 0x743
                    0x0743                  _OSCCONH = 0x743
                    0x0744                  CLKDIV = 0x744
                    0x0744                  _CLKDIV = 0x744
                    0x0744                  _CLKDIVbits = 0x744
                    0x0746                  PLLFBD = 0x746
                    0x0746                  _PLLFBD = 0x746
                    0x0746                  _PLLFBDbits = 0x746
                    0x0748                  OSCTUN = 0x748
                    0x0748                  _OSCTUN = 0x748
                    0x0748                  _OSCTUNbits = 0x748
                    0x074a                  OSCTUN2 = 0x74a
                    0x074a                  _OSCTUN2 = 0x74a
                    0x074a                  _OSCTUN2bits = 0x74a
                    0x074c                  LFSR = 0x74c
                    0x074c                  _LFSR = 0x74c
                    0x074e                  REFOCON = 0x74e
                    0x074e                  _REFOCON = 0x74e
                    0x074e                  _REFOCONbits = 0x74e
                    0x0750                  ACLKCON = 0x750
                    0x0750                  _ACLKCON = 0x750
                    0x0750                  _ACLKCONbits = 0x750
                    0x0760                  NVMCON = 0x760
                    0x0760                  _NVMCON = 0x760
                    0x0760                  _NVMCONbits = 0x760
                    0x0766                  NVMKEY = 0x766
                    0x0766                  _NVMKEY = 0x766
                    0x0770                  PMD1 = 0x770
                    0x0770                  _PMD1 = 0x770
                    0x0770                  _PMD1bits = 0x770
                    0x0772                  PMD2 = 0x772
                    0x0772                  _PMD2 = 0x772
                    0x0772                  _PMD2bits = 0x772
                    0x0774                  PMD3 = 0x774
                    0x0774                  _PMD3 = 0x774
                    0x0774                  _PMD3bits = 0x774
                    0x0776                  PMD4 = 0x776
                    0x0776                  _PMD4 = 0x776
                    0x0776                  _PMD4bits = 0x776
                    0x077a                  PMD6 = 0x77a
                    0x077a                  _PMD6 = 0x77a
                    0x077a                  _PMD6bits = 0x77a
                    0x077c                  PMD7 = 0x77c
                    0x077c                  _PMD7 = 0x77c
                    0x077c                  _PMD7bits = 0x77c
                    0x0022                  ACCA = 0x22
                    0x0022                  _ACCA = 0x22
                    0x0028                  ACCB = 0x28
                    0x0028                  _ACCB = 0x28
                    0x0640                  CAN1 = 0x640
                    0x0640                  _CAN1 = 0x640
                    0x0140                  IC1 = 0x140
                    0x0140                  _IC1 = 0x140